c0-20060625-1.h	c0-20060625-1.pph
c0altinc1.h	c0altinc1.pph
c3altinc2.h	c3altinc2.pph
c0attr-warn-unused.h	c0attr-warn-unused.pph
c0builtin-integral.h	c0builtin-integral.pph
c0builtin-objsize.h	c0builtin-objsize.pph
c0chained1.h	c0chained1.pph
c0chained2.h	c0chained2.pph
c1eabi1.h	c1eabi1.pph
c0empty.h	c0empty.pph
c0field.h	c0field.pph
c0funcmac.h	c0funcmac.pph
c0funcstatic.h	c0funcstatic.pph
c0functions.h	c0functions.pph
c0guarded1.h	c0guarded1.pph
c1guarded2.h	c1guarded2.pph
c1guarded3.h	c1guarded3.pph
c0limits-externalid.h	c0limits-externalid.pph
c0meteor-contest.h	c0meteor-contest.pph
c0multinc1.h	c0multinc1.pph
c1multinc2.h	c1multinc2.pph
c1pr36533.h	c1pr36533.pph
c0pr44948-1a.h	c0pr44948-1a.pph
c0return-5.h	c0return-5.pph
c0simple1.h	c0simple1.pph
c1simple2.h	c1simple2.pph
c0struct.h	c0struct.pph
c0typerefs.h	c0typerefs.pph
c0variables.h	c0variables.pph
c0varorder.h	c0varorder.pph
c0builtin1.h	c0builtin1.pph
c1builtin2.h	c1builtin2.pph
c1builtin3.h	c1builtin3.pph
c0builtin5.h	c0builtin5.pph
c0builtin6.h	c0builtin6.pph
c0dupguard1.h	c0dupguard1.pph
c0dupguard2.h	c0dupguard2.pph
c4eabi1.h	c4eabi1.pph
c4meteor-contest.h	c4meteor-contest.pph
c0paste.h	c0paste.pph
d0symnotinc.h	d0symnotinc.pph
math.h	math.pph
stdio.h	stdio.pph
stdlib.h	stdlib.pph
string.h	string.pph
sys/types.h	types.pph
x0autometh.h	x0autometh.pph
x0dynarray1.h	x0dynarray1.pph
x1funcstatic.h	x1funcstatic.pph
x1functions.h	x1functions.pph
x0globalref.h	x0globalref.pph
x0hardlookup.h	x0hardlookup.pph
x0namespace.h	x0namespace.pph
x0special.h	x0special.pph
x0struct0.h	x0struct0.pph
x1struct1.h	x1struct1.pph
x1struct2.h	x1struct2.pph
x0template.h	x0template.pph
x0ten-hellos.h	x0ten-hellos.pph
x0tmplclass.h	x0tmplclass.pph
x0tmplfunc.h	x0tmplfunc.pph
x1typerefs.h	x1typerefs.pph
x1variables.h	x1variables.pph
x0nontrivinit.h	x0nontrivinit.pph
x0overload1.h	x0overload1.pph
x0overload2.h	x0overload2.pph
x1overload3.h	x1overload3.pph
