c1altinc1.h	c1altinc1.pph
c1altinc2.h	c1altinc2.pph
c1chained1.h	c1chained1.pph
c1chained2.h	c1chained2.pph
c1empty.h	c1empty.pph
c1field.h	c1field.pph
c1funcmac.h	c1funcmac.pph
c1functions.h	c1functions.pph
c1guarded1.h	c1guarded1.pph
c1guarded2.h	c1guarded2.pph
c1guarded3.h	c1guarded3.pph
c1multinc1.h	c1multinc1.pph
c1multinc2.h	c1multinc2.pph
c1simple1.h	c1simple1.pph
c1simple2.h	c1simple2.pph
c1struct.h	c1struct.pph
c1typerefs.h	c1typerefs.pph
c1variables.h	c1variables.pph
c2builtin1.h	c2builtin1.pph
c2builtin2.h	c2builtin2.pph
c2builtin3.h	c2builtin3.pph
c2dupguard1.h	c2dupguard1.pph
c2dupguard2.h	c2dupguard2.pph
c2paste.h	c2paste.pph
d1symnotinc.h	d1symnotinc.pph
math.h	math.pph
stdio.h	stdio.pph
stdlib.h	stdlib.pph
string.h	string.pph
sys/types.h	types.pph
x1autometh.h	x1autometh.pph
x1funcstatic.h	x1funcstatic.pph
x1functions.h	x1functions.pph
x1globalref.h	x1globalref.pph
x1hardlookup.h	x1hardlookup.pph
x1special.h	x1special.pph
x1struct0.h	x1struct0.pph
x1struct1.h	x1struct1.pph
x1struct2.h	x1struct2.pph
x1template.h	x1template.pph
x1tmplclass.h	x1tmplclass.pph
x1tmplfunc.h	x1tmplfunc.pph
x1typerefs.h	x1typerefs.pph
x1variables.h	x1variables.pph
x2nontrivinit.h	x2nontrivinit.pph
y2overload1.h	y2overload1.pph
y2overload2.h	y2overload2.pph
y2overload3.h	y2overload3.pph
